[www.ansonika.com/limmo/review.html]
[backblue.gif]
[fade.gif]
[index.html]
[www.ansonika.com/limmo/img/favicon.ico]
[www.ansonika.com/limmo/img/apple-touch-icon-57x57-precomposed.png]
[www.ansonika.com/limmo/img/apple-touch-icon-72x72-precomposed.png]
[www.ansonika.com/limmo/img/apple-touch-icon-114x114-precomposed.png]
[www.ansonika.com/limmo/img/apple-touch-icon-144x144-precomposed.png]
[www.ansonika.com/limmo/index.html]
[www.ansonika.com/limmo/reservation-single-date-picker.html]
[www.ansonika.com/limmo/reservation-range-date-picker-lang.html]
[www.ansonika.com/limmo/registration.html]
[www.ansonika.com/limmo/quotation.html]
[www.ansonika.com/limmo/about.html]
[www.ansonika.com/limmo/contact.html]
[www.ansonika.com/limmo/html_rtl/index.html]
[www.ansonika.com/limmo/js/common_scripts.min.js]
[www.ansonika.com/limmo/js/common_functions.js]
[www.ansonika.com/limmo/assets/validate.js]
[www.ansonika.com/limmo/js/review_wizard_func.js]
[www.ansonika.com/limmo/js/switcher.js]
[www.ansonika.com/limmo/review.html]
[www.ansonika.com/limmo/css/bootstrap.min.css]
[www.ansonika.com/limmo/css/style.css]
[www.ansonika.com/limmo/css/bs-icon-font/bootstrap-icons63f3.woff]
[www.ansonika.com/limmo/css/smiles_icon_fonts/font/smiles.eot]
[www.ansonika.com/limmo/css/smiles_icon_fonts/font/smilesd41d.eot]
[www.ansonika.com/limmo/css/smiles_icon_fonts/font/smiles.woff]
[www.ansonika.com/limmo/css/vendors.css]
[www.ansonika.com/limmo/css/custom.css]
[www.ansonika.com/limmo/js/reservation_wizard_func.js]
[www.ansonika.com/limmo/js/daterangepicker_func.js]
[www.ansonika.com/limmo/index.html]
[www.ansonika.com/limmo/img/logo.svg]
[www.ansonika.com/limmo/reservation-single-date-picker.html]
[www.ansonika.com/limmo/reservation-range-date-picker-lang.html]
[www.ansonika.com/limmo/html_rtl/index-2.html]
[www.ansonika.com/limmo/js/registration_wizard_func.js]
[www.ansonika.com/limmo/js/autocomplete_func.js]
[www.ansonika.com/limmo/registration.html]
[www.ansonika.com/limmo/js/quotation_wizard_func.js]
[www.ansonika.com/limmo/quotation.html]
[www.ansonika.com/limmo/img/about_1.jpg]
[www.ansonika.com/limmo/img/team/team-1.jpg]
[www.ansonika.com/limmo/img/team/team-2.jpg]
[www.ansonika.com/limmo/img/team/team-3.jpg]
[www.ansonika.com/limmo/img/team/team-4.jpg]
[www.ansonika.com/limmo/js/parallax.min.js]
[www.ansonika.com/limmo/js/owl-carousel.js]
[www.ansonika.com/limmo/about.html]
[www.ansonika.com/limmo/contact.html]
[www.ansonika.com/limmo/html_rtl/img/favicon.ico]
[www.ansonika.com/limmo/html_rtl/img/apple-touch-icon-57x57-precomposed.png]
[www.ansonika.com/limmo/html_rtl/img/apple-touch-icon-72x72-precomposed.png]
[www.ansonika.com/limmo/html_rtl/img/apple-touch-icon-114x114-precomposed.png]
[www.ansonika.com/limmo/html_rtl/img/apple-touch-icon-144x144-precomposed.png]
[www.ansonika.com/limmo/html_rtl/reservation-single-date-picker.html]
[www.ansonika.com/limmo/html_rtl/reservation-range-date-picker-lang.html]
[www.ansonika.com/limmo/html_rtl/registration.html]
[www.ansonika.com/limmo/html_rtl/review.html]
[www.ansonika.com/limmo/html_rtl/quotation.html]
[www.ansonika.com/limmo/html_rtl/about.html]
[www.ansonika.com/limmo/html_rtl/contact.html]
[www.ansonika.com/limmo/html_rtl/js/common_scripts.min.js]
[www.ansonika.com/limmo/html_rtl/js/common_functions.js]
[www.ansonika.com/limmo/html_rtl/assets/validate.js]
[www.ansonika.com/limmo/html_rtl/js/reservation_wizard_func.js]
[www.ansonika.com/limmo/html_rtl/js/daterangepicker_func.js]
[www.ansonika.com/limmo/html_rtl/index.html]
[www.ansonika.com/limmo/img/plus.svg]
[www.ansonika.com/limmo/img/minus.svg]
[www.ansonika.com/limmo/css/bs-icon-font/bootstrap-icons63f3.html]
[www.ansonika.com/limmo/css/smiles_icon_fonts/font/smiles.html]
[www.ansonika.com/limmo/css/smiles_icon_fonts/font/smiles.svg]
[www.ansonika.com/limmo/css/owl.video.play.html]
[www.ansonika.com/limmo/html_rtl/index-2.html]
[www.ansonika.com/limmo/html_rtl/css/bootstrap.rtl.min.css]
[www.ansonika.com/limmo/html_rtl/css/style.css]
[www.ansonika.com/limmo/html_rtl/css/bs-icon-font/bootstrap-icons63f3.woff]
[www.ansonika.com/limmo/html_rtl/css/smiles_icon_fonts/font/smiles.eot]
[www.ansonika.com/limmo/html_rtl/css/smiles_icon_fonts/font/smiles.woff]
[www.ansonika.com/limmo/html_rtl/css/smiles_icon_fonts/font/smilesd41d.eot]
[www.ansonika.com/limmo/html_rtl/css/vendors.css]
[www.ansonika.com/limmo/html_rtl/css/extra_rtl_style.css]
[www.ansonika.com/limmo/html_rtl/css/custom.css]
[www.ansonika.com/limmo/html_rtl/img/logo.svg]
[www.ansonika.com/limmo/html_rtl/reservation-single-date-picker.html]
[www.ansonika.com/limmo/html_rtl/reservation-range-date-picker-lang.html]
[www.ansonika.com/limmo/html_rtl/js/registration_wizard_func.js]
[www.ansonika.com/limmo/html_rtl/js/autocomplete_func.js]
[www.ansonika.com/limmo/html_rtl/registration.html]
[www.ansonika.com/limmo/html_rtl/js/review_wizard_func.js]
[www.ansonika.com/limmo/html_rtl/review.html]
[www.ansonika.com/limmo/html_rtl/js/quotation_wizard_func.js]
[www.ansonika.com/limmo/html_rtl/quotation.html]
[www.ansonika.com/limmo/html_rtl/img/about_1.jpg]
[www.ansonika.com/limmo/html_rtl/img/team/team-1.jpg]
[www.ansonika.com/limmo/html_rtl/img/team/team-2.jpg]
[www.ansonika.com/limmo/html_rtl/img/team/team-3.jpg]
[www.ansonika.com/limmo/html_rtl/img/team/team-4.jpg]
[www.ansonika.com/limmo/html_rtl/js/parallax.min.js]
[www.ansonika.com/limmo/html_rtl/js/owl-carousel.js]
[www.ansonika.com/limmo/html_rtl/about.html]
[www.ansonika.com/limmo/html_rtl/contact.html]
[www.ansonika.com/limmo/html_rtl/img/plus.svg]
[www.ansonika.com/limmo/html_rtl/img/minus.svg]
[www.ansonika.com/limmo/html_rtl/css/bs-icon-font/bootstrap-icons63f3.html]
[www.ansonika.com/limmo/html_rtl/css/smiles_icon_fonts/font/smiles.html]
[www.ansonika.com/limmo/html_rtl/css/smiles_icon_fonts/font/smiles.svg]
[www.ansonika.com/limmo/html_rtl/css/owl.video.play.html]
